
> cosmicsound@0.1.0 build
> next build

  Ôû▓ Next.js 14.2.3
  - Environments: .env.local, .env

   Creating an optimized production build ...
node.exe : <w> [webpack.ca
che.PackFileCacheStrategy]
 Skipped not serializable 
cache item 'Compilation/mo
dules|C:\Users\Migue\Downl
oads\Universidad\Sistema 
de produccion\Proyectogemi
ni\node_modules\next\dist\
build\webpack\loaders\css-
loader\src\index.js??ruleS
et[1].rules[13].oneOf[12].
use[2]!C:\Users\Migue\Down
loads\Universidad\Sistema 
de produccion\Proyectogemi
ni\node_modules\next\dist\
build\webpack\loaders\post
css-loader\src\index.js??r
uleSet[1].rules[13].oneOf[
12].use[3]!C:\Users\Migue\
Downloads\Universidad\Sist
ema de produccion\Proyecto
gemini\src\app\globals.css
': No serializer 
registered for 
PostCSSSyntaxError
En línea: 1 Carácter: 1
+ & "C:\Program 
Files\nodejs/node.exe" 
"C:\Program 
Files\nodejs/node_mo ...
+ ~~~~~~~~~~~~~~~~~~~~~~~~
~~~~~~~~~~~~~~~~~~~~~~~~~~
~~~~~~~~~~~~~~~~~~~
    + CategoryInfo        
      : NotSpe    cified: 
(<w> [we    
bpack.ca...tCSSS    
yntaxError:Strin    g) 
[], RemoteExc    eption
    + FullyQualified    
ErrorId : Native    
CommandError
 
<w> while serializing webp
ack/lib/cache/PackFileCach
eStrategy.PackContentItems
 -> 
webpack/lib/NormalModule 
-> webpack/lib/ModuleBuild
Error -> 
PostCSSSyntaxError
Failed to compile.

./src/app/globals.css:1:1
Syntax error: C:\Users\Mig
ue\Downloads\Universidad\S
istema de produccion\Proye
ctogemini\src\app\globals.
css The 
`bg-background-light` 
class does not exist. If 
`bg-background-light` is 
a custom class, make sure 
it is defined within a 
`@layer` directive.

[1m[31m>[39m[22m[90m 
1 | 
[39m[36m@tailwind[39m 
base[33m;[39m
 [90m   | 
[39m[1m[31m^[39m[22m
 [90m 2 | 
[39m[36m@tailwind[39m 
components[33m;[39m
 [90m 3 | 
[39m[36m@tailwind[39m 
utilities[33m;[39m

./src/app/globals.css
Syntax error: C:\Users\Mig
ue\Downloads\Universidad\S
istema de produccion\Proye
ctogemini\src\app\globals.
css The 
`bg-background-light` 
class does not exist. If 
`bg-background-light` is 
a custom class, make sure 
it is defined within a 
`@layer` directive. (1:1)

[1m[31m>[39m[22m[90m 
1 | 
[39m[36m@tailwind[39m 
base[33m;[39m
 [90m   | 
[39m[1m[31m^[39m[22m
 [90m 2 | 
[39m[36m@tailwind[39m 
components[33m;[39m
 [90m 3 | 
[39m[36m@tailwind[39m 
utilities[33m;[39m

    at 
tryRunOrWebpackError (C:\U
sers\Migue\Downloads\Unive
rsidad\Sistema de producci
on\Proyectogemini\node_mod
ules\next\dist\compiled\we
bpack\bundle5.js:28:312989
)
    at __webpack_require_m
odule__ (C:\Users\Migue\Do
wnloads\Universidad\Sistem
a de produccion\Proyectoge
mini\node_modules\next\dis
t\compiled\webpack\bundle5
.js:28:131165)
    at __nested_webpack_re
quire_153728__ (C:\Users\M
igue\Downloads\Universidad
\Sistema de produccion\Pro
yectogemini\node_modules\n
ext\dist\compiled\webpack\
bundle5.js:28:130607)
    at C:\Users\Migue\Down
loads\Universidad\Sistema 
de produccion\Proyectogemi
ni\node_modules\next\dist\
compiled\webpack\bundle5.j
s:28:131454
    at symbolIterator (C:\
Users\Migue\Downloads\Univ
ersidad\Sistema de producc
ion\Proyectogemini\node_mo
dules\next\dist\compiled\n
eo-async\async.js:1:14444)
    at done (C:\Users\Migu
e\Downloads\Universidad\Si
stema de produccion\Proyec
togemini\node_modules\next
\dist\compiled\neo-async\a
sync.js:1:14824)
    at Hook.eval [as 
callAsync] (eval at 
create (C:\Users\Migue\Dow
nloads\Universidad\Sistema
 de produccion\Proyectogem
ini\node_modules\next\dist
\compiled\webpack\bundle5.
js:13:28858), 
<anonymous>:15:1)
    at 
Hook.CALL_ASYNC_DELEGATE 
[as _callAsync] (C:\Users\
Migue\Downloads\Universida
d\Sistema de produccion\Pr
oyectogemini\node_modules\
next\dist\compiled\webpack
\bundle5.js:13:26012)
    at C:\Users\Migue\Down
loads\Universidad\Sistema 
de produccion\Proyectogemi
ni\node_modules\next\dist\
compiled\webpack\bundle5.j
s:28:130328
    at symbolIterator (C:\
Users\Migue\Downloads\Univ
ersidad\Sistema de producc
ion\Proyectogemini\node_mo
dules\next\dist\compiled\n
eo-async\async.js:1:14402)
-- inner error --
Syntax error: C:\Users\Mig
ue\Downloads\Universidad\S
istema de produccion\Proye
ctogemini\src\app\globals.
css The 
`bg-background-light` 
class does not exist. If 
`bg-background-light` is 
a custom class, make sure 
it is defined within a 
`@layer` directive. (1:1)

[1m[31m>[39m[22m[90m 
1 | 
[39m[36m@tailwind[39m 
base[33m;[39m
 [90m   | 
[39m[1m[31m^[39m[22m
 [90m 2 | 
[39m[36m@tailwind[39m 
components[33m;[39m
 [90m 3 | 
[39m[36m@tailwind[39m 
utilities[33m;[39m

    at Object.<anonymous> 
(C:\Users\Migue\Downloads\
Universidad\Sistema de pro
duccion\Proyectogemini\nod
e_modules\next\dist\build\
webpack\loaders\css-loader
\src\index.js??ruleSet[1].
rules[13].oneOf[12].use[2]
!C:\Users\Migue\Downloads\
Universidad\Sistema de pro
duccion\Proyectogemini\nod
e_modules\next\dist\build\
webpack\loaders\postcss-lo
ader\src\index.js??ruleSet
[1].rules[13].oneOf[12].us
e[3]!C:\Users\Migue\Downlo
ads\Universidad\Sistema 
de produccion\Proyectogemi
ni\src\app\globals.css:1:7
)
    at C:\Users\Migue\Down
loads\Universidad\Sistema 
de produccion\Proyectogemi
ni\node_modules\next\dist\
compiled\webpack\bundle5.j
s:28:922493
    at Hook.eval [as 
call] (eval at create (C:\
Users\Migue\Downloads\Univ
ersidad\Sistema de producc
ion\Proyectogemini\node_mo
dules\next\dist\compiled\w
ebpack\bundle5.js:13:28636
), <anonymous>:7:1)
    at Hook.CALL_DELEGATE 
[as _call] (C:\Users\Migue
\Downloads\Universidad\Sis
tema de produccion\Proyect
ogemini\node_modules\next\
dist\compiled\webpack\bund
le5.js:13:25906)
    at C:\Users\Migue\Down
loads\Universidad\Sistema 
de produccion\Proyectogemi
ni\node_modules\next\dist\
compiled\webpack\bundle5.j
s:28:131198
    at 
tryRunOrWebpackError (C:\U
sers\Migue\Downloads\Unive
rsidad\Sistema de producci
on\Proyectogemini\node_mod
ules\next\dist\compiled\we
bpack\bundle5.js:28:312943
)
    at __webpack_require_m
odule__ (C:\Users\Migue\Do
wnloads\Universidad\Sistem
a de produccion\Proyectoge
mini\node_modules\next\dis
t\compiled\webpack\bundle5
.js:28:131165)
    at __nested_webpack_re
quire_153728__ (C:\Users\M
igue\Downloads\Universidad
\Sistema de produccion\Pro
yectogemini\node_modules\n
ext\dist\compiled\webpack\
bundle5.js:28:130607)
    at C:\Users\Migue\Down
loads\Universidad\Sistema 
de produccion\Proyectogemi
ni\node_modules\next\dist\
compiled\webpack\bundle5.j
s:28:131454
    at symbolIterator (C:\
Users\Migue\Downloads\Univ
ersidad\Sistema de producc
ion\Proyectogemini\node_mo
dules\next\dist\compiled\n
eo-async\async.js:1:14444)

Generated code for C:\User
s\Migue\Downloads\Universi
dad\Sistema de produccion\
Proyectogemini\node_module
s\next\dist\build\webpack\
loaders\css-loader\src\ind
ex.js??ruleSet[1].rules[13
].oneOf[12].use[2]!C:\User
s\Migue\Downloads\Universi
dad\Sistema de produccion\
Proyectogemini\node_module
s\next\dist\build\webpack\
loaders\postcss-loader\src
\index.js??ruleSet[1].rule
s[13].oneOf[12].use[3]!C:\
Users\Migue\Downloads\Univ
ersidad\Sistema de producc
ion\Proyectogemini\src\app
\globals.css

Import trace for 
requested module:
./src/app/globals.css


> Build failed because of 
webpack errors
